=== [1/2] Op3 n=30 as shipped, njmax=512  2026-08-07T09:46:04+05:30 ===
wandb: [wandb.login()] Loaded credentials for https://api.wandb.ai from /home/keyu/.netrc.
wandb: Currently logged in as: jaiswalkhushi2911 (jaiswalkhushi2911-coep-technological-university-) to https://api.wandb.ai. Use `wandb login --relogin` to force relogin
wandb: WARNING Using a boolean value for 'reinit' is deprecated. Use 'return_previous' or 'finish_previous' instead.
wandb: setting up run dwhy5iue
wandb: Tracking run with wandb version 0.28.1
wandb: Run data is saved locally in /home/keyu/Downloads/Biped-Locomotion-via-RL/wandb/run-20260807_094607-dwhy5iue
wandb: Run `wandb offline` to turn off syncing.
wandb: Syncing run divergence_Op3Joystick
wandb: ⭐️ View project at https://wandb.ai/jaiswalkhushi2911-coep-technological-university-/biped-sim2sim
wandb: 🚀 View run at https://wandb.ai/jaiswalkhushi2911-coep-technological-university-/biped-sim2sim/runs/dwhy5iue
[wandb] logging to https://wandb.ai/jaiswalkhushi2911-coep-technological-university-/biped-sim2sim/runs/dwhy5iue
[load] Op3Joystick
Warp 1.15.0 initialized:
   CUDA Toolkit 12.9, Driver 13.0
   Devices:
     "cpu"      : "x86_64"
     "cuda:0"   : "NVIDIA GeForce RTX 3050 4GB Laptop GPU" (4 GiB, sm_86, mempool enabled)
   Kernel cache:
     /home/keyu/.cache/warp/1.15.0
[model] nq=27 nv=26 nu=20 dt=0.004 solver=2 iters=1 cone=0
[plan] duration=1.0s -> 250 baseline steps
[1/14] baseline ...
Module mujoco.mjx.warp.ffi 7a22eb4 load on device 'cuda:0' took 0.45 ms  (cached)
Module mujoco.mjx.third_party.mujoco_warp._src.smooth 47158eb load on device 'cuda:0' took 5.55 ms  (cached)
Module _nxn_broadphase__locals__kernel_7c49670b 7c49670 load on device 'cuda:0' took 0.43 ms  (cached)
Module ccd_kernel_builder__locals__ccd_kernel_e2bfbf76 e2bfbf7 load on device 'cuda:0' took 2.02 ms  (cached)
Module ccd_kernel_builder__locals__ccd_kernel_e2bfbf76 1a1ec09 load on device 'cuda:0' took 1.97 ms  (cached)
Module _primitive_narrowphase__locals__primitive_narrowphase_97edbf7e 97edbf7 load on device 'cuda:0' took 0.77 ms  (cached)
Module mujoco.mjx.third_party.mujoco_warp._src.constraint 36c8060 load on device 'cuda:0' took 0.40 ms  (cached)
Module _friction_dof__locals__kernel_88836a0e 88836a0 load on device 'cuda:0' took 0.46 ms  (cached)
Module _efc_contact_init__locals__kernel_9628e96c 9628e96 load on device 'cuda:0' took 0.61 ms  (cached)
Module _efc_contact_jac_dense__locals__kernel_3b922c03 8e18e6b load on device 'cuda:0' took 0.53 ms  (cached)
Module _efc_contact_update__locals__kernel_a9f93c23 a9f93c2 load on device 'cuda:0' took 0.57 ms  (cached)
Module mujoco.mjx.third_party.mujoco_warp._src.sensor de892d8 load on device 'cuda:0' took 2.50 ms  (cached)
Module mujoco.mjx.third_party.mujoco_warp._src.forward 81c85c8 load on device 'cuda:0' took 1.06 ms  (cached)
Module mujoco.mjx.third_party.mujoco_warp._src.passive efc109c load on device 'cuda:0' took 1.31 ms  (cached)
Module mujoco.mjx.third_party.mujoco_warp._src.forward fc5c4e4 load on device 'cuda:0' took 1.22 ms  (cached)
Module _qfrc_smooth__locals__kernel_f1330af6 f1330af load on device 'cuda:0' took 0.55 ms  (cached)
Module mujoco.mjx.third_party.mujoco_warp._src.support ca784c5 load on device 'cuda:0' took 0.39 ms  (cached)
Module _tile_cholesky_factorize_solve_block__locals__kernel_11210b88 1715225 load on device 'cuda:0' took 30.54 ms  (cached)
Module mujoco.mjx.third_party.mujoco_warp._src.solver 4a1f2fb load on device 'cuda:0' took 1.83 ms  (cached)
Module _solve_init_jaref_kernel__locals__kernel_32feb724 32feb72 load on device 'cuda:0' took 0.85 ms  (cached)
Module mul_m_kernel__locals___mul_m_dc7994af dc7994a load on device 'cuda:0' took 0.46 ms  (cached)
Module _update_constraint_efc__locals__kernel_03323b94 03323b9 load on device 'cuda:0' took 0.41 ms  (cached)
Module _update_constraint_init_qfrc_constraint_dense__locals__kernel_ac49ec68 ac49ec6 load on device 'cuda:0' took 0.38 ms  (cached)
Module _update_gradient_zero_grad_dot__locals__kernel_7cb4d020 7cb4d02 load on device 'cuda:0' took 0.38 ms  (cached)
Module _update_gradient_grad__locals__kernel_d86449f3 d86449f load on device 'cuda:0' took 0.38 ms  (cached)
Module _update_gradient_JTDAJ_dense_tiled__locals__kernel_9085bbe2 6b6cb53 load on device 'cuda:0' took 0.80 ms  (cached)
Module _update_gradient_cholesky__locals__kernel_af6c67dc af571a9 load on device 'cuda:0' took 28.53 ms  (cached)
Module _linesearch_iterative_kernel__locals__kernel_980b5bd9 194ed26 load on device 'cuda:0' took 0.63 ms  (cached)
Module _update_constraint_efc__locals__kernel_15adf655 15adf65 load on device 'cuda:0' took 0.60 ms  (cached)
Module _update_constraint_init_qfrc_constraint_dense__locals__kernel_fe3ad948 fe3ad94 load on device 'cuda:0' took 0.46 ms  (cached)
Module _update_gradient_zero_grad_dot__locals__kernel_b5db5058 b5db505 load on device 'cuda:0' took 0.33 ms  (cached)
Module _update_gradient_grad__locals__kernel_d814f8c9 d814f8c load on device 'cuda:0' took 0.34 ms  (cached)
Module _update_gradient_cholesky__locals__kernel_acfee10d 83d6ae1 load on device 'cuda:0' took 29.30 ms  (cached)
Module _solve_zero_search_dot__locals__kernel_1643cbe8 1643cbe load on device 'cuda:0' took 0.67 ms  (cached)
Module _solve_search_update__locals__kernel_d3efa558 d3efa55 load on device 'cuda:0' took 0.39 ms  (cached)
Module _contact_sort__locals__contact_sort_cf9c4d37 76a2477 load on device 'cuda:0' took 0.47 ms  (cached)
Module _next_time_builder__locals___next_time_eb151a48 eb151a4 load on device 'cuda:0' took 0.50 ms  (cached)
    c|jax      base_pos=2.827e-04+-9.5e-05  base_rot=1.808e-03+-4.6e-04  (n=30)
    c|warp     base_pos=2.696e-04+-7.1e-05  base_rot=2.057e-03+-5.1e-04  (n=30)
    jax|warp   base_pos=3.827e-04+-7.9e-05  base_rot=2.125e-03+-4.5e-04  (n=30)
[2/14] iterations=10 ...
    c|jax      base_pos=3.709e-05+-1.1e-05  base_rot=6.310e-04+-2.5e-04  (n=30)
    c|warp     base_pos=3.355e-06+-5.3e-07  base_rot=2.240e-05+-2.8e-06  (n=30)
    jax|warp   base_pos=3.749e-05+-1.1e-05  base_rot=6.309e-04+-2.5e-04  (n=30)
[3/14] iterations=50 ...
    c|jax      base_pos=3.709e-05+-1.1e-05  base_rot=6.310e-04+-2.5e-04  (n=30)
    c|warp     base_pos=3.354e-06+-5.3e-07  base_rot=2.239e-05+-2.8e-06  (n=30)
    jax|warp   base_pos=3.749e-05+-1.1e-05  base_rot=6.309e-04+-2.5e-04  (n=30)
[4/14] iterations=100 ...
    c|jax      base_pos=3.709e-05+-1.1e-05  base_rot=6.310e-04+-2.5e-04  (n=30)
    c|warp     base_pos=3.344e-06+-5.3e-07  base_rot=2.231e-05+-2.8e-06  (n=30)
    jax|warp   base_pos=3.748e-05+-1.1e-05  base_rot=6.308e-04+-2.5e-04  (n=30)
[5/14] ls_iterations=20 ...
Module _linesearch_iterative_kernel__locals__kernel_052c77d4 6f1406e load on device 'cuda:0' took 0.71 ms  (cached)
    c|jax      base_pos=2.715e-04+-9.8e-05  base_rot=1.632e-03+-4.6e-04  (n=30)
    c|warp     base_pos=2.996e-04+-7.1e-05  base_rot=1.991e-03+-5.1e-04  (n=30)
    jax|warp   base_pos=3.783e-04+-8.0e-05  base_rot=2.104e-03+-4.4e-04  (n=30)
[6/14] cone=1 ...
Module _efc_contact_init__locals__kernel_2cc75266 2cc7526 load on device 'cuda:0' took 0.47 ms  (cached)
Module _efc_contact_jac_dense__locals__kernel_e2575c4e 97b6082 load on device 'cuda:0' took 0.53 ms  (cached)
Module _efc_contact_update__locals__kernel_3a72c71f 3a72c71 load on device 'cuda:0' took 0.45 ms  (cached)
Module _linesearch_iterative_kernel__locals__kernel_a443389c 24478a0 load on device 'cuda:0' took 0.78 ms  (cached)
Module _solve_zero_search_dot__locals__kernel_bc23b2f3 bc23b2f load on device 'cuda:0' took 0.41 ms  (cached)
Module _solve_search_update__locals__kernel_b23eb7e4 b23eb7e load on device 'cuda:0' took 0.42 ms  (cached)
    c|jax      base_pos=4.178e-04+-9.9e-05  base_rot=1.747e-03+-4.6e-04  (n=30)
    c|warp     base_pos=4.175e-04+-9.4e-05  base_rot=2.056e-03+-5.5e-04  (n=30)
    jax|warp   base_pos=3.222e-04+-6.1e-05  base_rot=1.487e-03+-3.4e-04  (n=30)
[7/14] timestep=0.001 ...
    c|jax      base_pos=6.320e-05+-1.3e-05  base_rot=7.135e-04+-2.9e-04  (n=30)
    c|warp     base_pos=4.590e-05+-9.4e-06  base_rot=4.438e-04+-9.8e-05  (n=30)
    jax|warp   base_pos=8.234e-05+-1.5e-05  base_rot=8.061e-04+-2.2e-04  (n=30)
[8/14] timestep=0.004 ...
    !! WARNING: 'timestep=0.004' left the MuJoCo-C trajectory bit-identical to baseline -- the perturbation is a NO-OP. Treat this condition as invalid, not as a null result.
    c|jax      base_pos=2.827e-04+-9.5e-05  base_rot=1.808e-03+-4.6e-04  (n=30)
    c|warp     base_pos=2.696e-04+-7.1e-05  base_rot=2.057e-03+-5.1e-04  (n=30)
    jax|warp   base_pos=3.827e-04+-7.9e-05  base_rot=2.125e-03+-4.5e-04  (n=30)
[9/14] friction_scale=0.5 ...
    c|jax      base_pos=4.990e-04+-1.1e-04  base_rot=3.669e-03+-1.1e-03  (n=30)
    c|warp     base_pos=4.741e-04+-9.2e-05  base_rot=3.196e-03+-8.0e-04  (n=30)
    jax|warp   base_pos=6.326e-04+-1.2e-04  base_rot=5.075e-03+-1.4e-03  (n=30)
[10/14] friction_scale=2.0 ...
    c|jax      base_pos=9.514e-05+-1.6e-05  base_rot=1.238e-03+-4.9e-04  (n=30)
    c|warp     base_pos=9.576e-05+-1.4e-05  base_rot=5.979e-04+-1.3e-04  (n=30)
    jax|warp   base_pos=1.271e-04+-2.0e-05  base_rot=1.341e-03+-4.9e-04  (n=30)
[11/14] solref_scale=0.5 ...
    c|jax      base_pos=5.320e-04+-1.4e-04  base_rot=4.027e-03+-1.1e-03  (n=30)
    c|warp     base_pos=8.798e-04+-1.4e-04  base_rot=6.264e-03+-1.5e-03  (n=30)
    jax|warp   base_pos=1.009e-03+-1.6e-04  base_rot=6.917e-03+-1.8e-03  (n=30)
[12/14] solref_scale=2.0 ...
    c|jax      base_pos=4.425e-04+-6.8e-05  base_rot=3.403e-03+-5.7e-04  (n=30)
    c|warp     base_pos=1.539e-04+-2.7e-05  base_rot=1.562e-03+-3.9e-04  (n=30)
    jax|warp   base_pos=4.229e-04+-7.0e-05  base_rot=3.667e-03+-5.7e-04  (n=30)
[13/14] armature_scale=0.5 ...
    c|jax      base_pos=2.120e-04+-3.9e-05  base_rot=1.711e-03+-3.0e-04  (n=30)
    c|warp     base_pos=2.477e-04+-4.1e-05  base_rot=1.667e-03+-3.2e-04  (n=30)
    jax|warp   base_pos=2.961e-04+-4.5e-05  base_rot=1.960e-03+-3.4e-04  (n=30)
[14/14] armature_scale=2.0 ...
    c|jax      base_pos=2.472e-04+-5.2e-05  base_rot=2.466e-03+-5.0e-04  (n=30)
    c|warp     base_pos=2.461e-04+-5.0e-05  base_rot=1.244e-03+-2.9e-04  (n=30)
    jax|warp   base_pos=3.649e-04+-6.5e-05  base_rot=3.075e-03+-5.4e-04  (n=30)
[saved] /home/keyu/Downloads/Biped-Locomotion-via-RL/results/divergence_Op3Joystick_fixed_asshipped.json
[saved] /home/keyu/Downloads/Biped-Locomotion-via-RL/results/traj_Op3Joystick_fixed_asshipped.npz
wandb: updating run metadata
wandb: updating run metadata; uploading summary, console lines 109-113
wandb: uploading output.log; uploading wandb-summary.json; uploading config.yaml
wandb: uploading output.log; uploading config.yaml
wandb: uploading data
wandb: 
wandb: Run summary:
wandb:       armature_scale=0.5/c|jax/base_pos_err_m 0.00021
wandb:   armature_scale=0.5/c|jax/base_pos_err_m_sem 4e-05
wandb:     armature_scale=0.5/c|jax/base_rot_err_rad 0.00171
wandb: armature_scale=0.5/c|jax/base_rot_err_rad_sem 0.0003
wandb:       armature_scale=0.5/c|jax/joint_rmse_rad 0.00039
wandb:   armature_scale=0.5/c|jax/joint_rmse_rad_sem 4e-05
wandb:            armature_scale=0.5/c|jax/qvel_rmse 0.00024
wandb:        armature_scale=0.5/c|jax/qvel_rmse_sem 4e-05
wandb:      armature_scale=0.5/c|warp/base_pos_err_m 0.00025
wandb:  armature_scale=0.5/c|warp/base_pos_err_m_sem 4e-05
wandb:                                          +326 ...
wandb: 
wandb: 🚀 View run divergence_Op3Joystick at: https://wandb.ai/jaiswalkhushi2911-coep-technological-university-/biped-sim2sim/runs/dwhy5iue
wandb: ⭐️ View project at: https://wandb.ai/jaiswalkhushi2911-coep-technological-university-/biped-sim2sim
wandb: Synced 5 W&B file(s), 0 media file(s), 0 artifact file(s) and 0 other file(s)
wandb: Find logs at: ./wandb/run-20260807_094607-dwhy5iue/logs
[cooldown]
=== [2/2] Op3 n=30 matched dt/iters, njmax=512  2026-08-07T10:41:44+05:30 ===
wandb: [wandb.login()] Loaded credentials for https://api.wandb.ai from /home/keyu/.netrc.
wandb: Currently logged in as: jaiswalkhushi2911 (jaiswalkhushi2911-coep-technological-university-) to https://api.wandb.ai. Use `wandb login --relogin` to force relogin
wandb: WARNING Using a boolean value for 'reinit' is deprecated. Use 'return_previous' or 'finish_previous' instead.
wandb: setting up run js5srsqp
wandb: Tracking run with wandb version 0.28.1
wandb: Run data is saved locally in /home/keyu/Downloads/Biped-Locomotion-via-RL/wandb/run-20260807_104147-js5srsqp
wandb: Run `wandb offline` to turn off syncing.
wandb: Syncing run divergence_Op3Joystick
wandb: ⭐️ View project at https://wandb.ai/jaiswalkhushi2911-coep-technological-university-/biped-sim2sim
wandb: 🚀 View run at https://wandb.ai/jaiswalkhushi2911-coep-technological-university-/biped-sim2sim/runs/js5srsqp
[wandb] logging to https://wandb.ai/jaiswalkhushi2911-coep-technological-university-/biped-sim2sim/runs/js5srsqp
[load] Op3Joystick
Warp 1.15.0 initialized:
   CUDA Toolkit 12.9, Driver 13.0
   Devices:
     "cpu"      : "x86_64"
     "cuda:0"   : "NVIDIA GeForce RTX 3050 4GB Laptop GPU" (4 GiB, sm_86, mempool enabled)
   Kernel cache:
     /home/keyu/.cache/warp/1.15.0
[model] nq=27 nv=26 nu=20 dt=0.002 solver=2 iters=3 cone=0
[plan] duration=1.0s -> 500 baseline steps
[1/14] baseline ...
    c|jax      base_pos=3.050e-05+-8.4e-06  base_rot=4.924e-04+-2.4e-04  (n=30)
    c|warp     base_pos=5.265e-06+-2.8e-06  base_rot=5.347e-05+-3.5e-05  (n=30)
    jax|warp   base_pos=3.210e-05+-8.5e-06  base_rot=4.929e-04+-2.4e-04  (n=30)
[2/14] iterations=10 ...
    c|jax      base_pos=3.061e-05+-8.4e-06  base_rot=4.899e-04+-2.4e-04  (n=30)
    c|warp     base_pos=4.932e-06+-2.9e-06  base_rot=4.850e-05+-3.2e-05  (n=30)
    jax|warp   base_pos=3.217e-05+-8.6e-06  base_rot=4.898e-04+-2.4e-04  (n=30)
[3/14] iterations=50 ...
    c|jax      base_pos=3.061e-05+-8.4e-06  base_rot=4.899e-04+-2.4e-04  (n=30)
    c|warp     base_pos=4.934e-06+-2.9e-06  base_rot=4.851e-05+-3.2e-05  (n=30)
    jax|warp   base_pos=3.217e-05+-8.6e-06  base_rot=4.898e-04+-2.4e-04  (n=30)
[4/14] iterations=100 ...
    c|jax      base_pos=3.061e-05+-8.4e-06  base_rot=4.899e-04+-2.4e-04  (n=30)
    c|warp     base_pos=4.934e-06+-2.9e-06  base_rot=4.851e-05+-3.2e-05  (n=30)
    jax|warp   base_pos=3.217e-05+-8.6e-06  base_rot=4.898e-04+-2.4e-04  (n=30)
[5/14] ls_iterations=20 ...
    c|jax      base_pos=3.013e-05+-8.4e-06  base_rot=4.882e-04+-2.4e-04  (n=30)
    c|warp     base_pos=5.152e-06+-2.8e-06  base_rot=5.722e-05+-3.5e-05  (n=30)
    jax|warp   base_pos=3.250e-05+-8.5e-06  base_rot=4.902e-04+-2.4e-04  (n=30)
[6/14] cone=1 ...
    c|jax      base_pos=4.119e-05+-1.4e-05  base_rot=6.871e-04+-3.2e-04  (n=30)
    c|warp     base_pos=1.269e-05+-8.3e-06  base_rot=5.412e-05+-3.3e-05  (n=30)
    jax|warp   base_pos=3.632e-05+-1.0e-05  base_rot=6.531e-04+-3.2e-04  (n=30)
[7/14] timestep=0.001 ...
    c|jax      base_pos=3.539e-05+-1.1e-05  base_rot=5.848e-04+-2.8e-04  (n=30)
    c|warp     base_pos=1.278e-06+-2.1e-07  base_rot=8.196e-06+-1.1e-06  (n=30)
    jax|warp   base_pos=3.561e-05+-1.1e-05  base_rot=5.864e-04+-2.8e-04  (n=30)
[8/14] timestep=0.004 ...
    c|jax      base_pos=3.898e-05+-1.2e-05  base_rot=6.247e-04+-2.6e-04  (n=30)
    c|warp     base_pos=3.870e-06+-6.6e-07  base_rot=3.312e-05+-7.6e-06  (n=30)
    jax|warp   base_pos=3.826e-05+-1.2e-05  base_rot=6.240e-04+-2.6e-04  (n=30)
[9/14] friction_scale=0.5 ...
    c|jax      base_pos=8.735e-05+-3.2e-05  base_rot=5.775e-04+-2.4e-04  (n=30)
    c|warp     base_pos=1.107e-05+-4.4e-06  base_rot=6.765e-05+-1.8e-05  (n=30)
    jax|warp   base_pos=8.217e-05+-3.2e-05  base_rot=5.789e-04+-2.4e-04  (n=30)
[10/14] friction_scale=2.0 ...
    c|jax      base_pos=7.952e-05+-1.8e-05  base_rot=1.092e-03+-4.1e-04  (n=30)
    c|warp     base_pos=3.166e-06+-7.9e-07  base_rot=2.121e-05+-7.8e-06  (n=30)
    jax|warp   base_pos=8.103e-05+-1.9e-05  base_rot=1.089e-03+-4.1e-04  (n=30)
[11/14] solref_scale=0.5 ...
    c|jax      base_pos=1.868e-05+-6.3e-06  base_rot=1.146e-04+-5.2e-05  (n=30)
    c|warp     base_pos=3.434e-05+-1.0e-05  base_rot=2.235e-04+-1.1e-04  (n=30)
    jax|warp   base_pos=3.231e-05+-9.8e-06  base_rot=2.783e-04+-1.2e-04  (n=30)
[12/14] solref_scale=2.0 ...
    c|jax      base_pos=2.738e-04+-5.9e-05  base_rot=2.636e-03+-6.2e-04  (n=30)
    c|warp     base_pos=6.675e-06+-4.1e-06  base_rot=3.904e-05+-2.4e-05  (n=30)
    jax|warp   base_pos=2.693e-04+-5.9e-05  base_rot=2.614e-03+-6.2e-04  (n=30)
[13/14] armature_scale=0.5 ...
    c|jax      base_pos=3.631e-05+-1.4e-05  base_rot=5.400e-04+-2.1e-04  (n=30)
    c|warp     base_pos=3.618e-06+-7.3e-07  base_rot=2.980e-05+-8.3e-06  (n=30)
    jax|warp   base_pos=3.709e-05+-1.4e-05  base_rot=5.445e-04+-2.1e-04  (n=30)
[14/14] armature_scale=2.0 ...
    c|jax      base_pos=4.288e-05+-2.0e-05  base_rot=6.066e-04+-2.9e-04  (n=30)
    c|warp     base_pos=1.319e-06+-2.3e-07  base_rot=9.248e-06+-2.7e-06  (n=30)
    jax|warp   base_pos=4.271e-05+-2.0e-05  base_rot=6.080e-04+-2.9e-04  (n=30)
[saved] /home/keyu/Downloads/Biped-Locomotion-via-RL/results/divergence_Op3Joystick_fixed_matched.json
[saved] /home/keyu/Downloads/Biped-Locomotion-via-RL/results/traj_Op3Joystick_fixed_matched.npz
wandb: updating run metadata
wandb: uploading output.log; uploading wandb-summary.json; uploading config.yaml
wandb: uploading summary, console lines 108-112
wandb: 
wandb: Run summary:
wandb:       armature_scale=0.5/c|jax/base_pos_err_m 4e-05
wandb:   armature_scale=0.5/c|jax/base_pos_err_m_sem 1e-05
wandb:     armature_scale=0.5/c|jax/base_rot_err_rad 0.00054
wandb: armature_scale=0.5/c|jax/base_rot_err_rad_sem 0.00021
wandb:       armature_scale=0.5/c|jax/joint_rmse_rad 6e-05
wandb:   armature_scale=0.5/c|jax/joint_rmse_rad_sem 2e-05
wandb:            armature_scale=0.5/c|jax/qvel_rmse 6e-05
wandb:        armature_scale=0.5/c|jax/qvel_rmse_sem 1e-05
wandb:      armature_scale=0.5/c|warp/base_pos_err_m 0.0
wandb:  armature_scale=0.5/c|warp/base_pos_err_m_sem 0.0
wandb:                                          +326 ...
wandb: 
wandb: 🚀 View run divergence_Op3Joystick at: https://wandb.ai/jaiswalkhushi2911-coep-technological-university-/biped-sim2sim/runs/js5srsqp
wandb: ⭐️ View project at: https://wandb.ai/jaiswalkhushi2911-coep-technological-university-/biped-sim2sim
wandb: Synced 5 W&B file(s), 0 media file(s), 0 artifact file(s) and 0 other file(s)
wandb: Find logs at: ./wandb/run-20260807_104147-js5srsqp/logs
=== OP3 REDO DONE 2026-08-07T12:14:46+05:30 ===
