Warp CUDA error 100: no CUDA-capable device is detected (in function init_cuda_driver, /builds/omniverse/warp/warp/native/cuda_util.cpp:319)
[load] G1JoystickFlatTerrain
Warp 1.15.0 initialized:
   CUDA Toolkit 12.9, CUDA driver not available (NVRTC compilation available)
   Devices:
     "cpu"      : "x86_64"
   Kernel cache:
     /home/keyu/.cache/warp/1.15.0
[model] nq=36 nv=35 nu=29 dt=0.002 solver=2 iters=3 cone=0
[1/14] baseline ...
    base_pos=0.00022 m  base_rot=0.00188 rad  joint_rmse=0.00136 rad  (mjc 0.03s / mjx 13.59s)
[2/14] iterations=10 ...
    base_pos=0.00011 m  base_rot=0.00021 rad  joint_rmse=0.00004 rad  (mjc 0.03s / mjx 13.17s)
[3/14] iterations=50 ...
    base_pos=0.00011 m  base_rot=0.00021 rad  joint_rmse=0.00004 rad  (mjc 0.03s / mjx 13.09s)
[4/14] iterations=100 ...
    base_pos=0.00011 m  base_rot=0.00021 rad  joint_rmse=0.00004 rad  (mjc 0.03s / mjx 13.33s)
[5/14] ls_iterations=20 ...
    base_pos=0.00040 m  base_rot=0.00271 rad  joint_rmse=0.00115 rad  (mjc 0.03s / mjx 13.34s)
[6/14] cone=1 ...
    base_pos=0.00016 m  base_rot=0.00000 rad  joint_rmse=0.00007 rad  (mjc 0.02s / mjx 13.63s)
[7/14] timestep=0.001 ...
    base_pos=0.00000 m  base_rot=0.00000 rad  joint_rmse=0.00002 rad  (mjc 0.02s / mjx 7.19s)
[8/14] timestep=0.004 ...
    base_pos=0.11718 m  base_rot=0.20899 rad  joint_rmse=0.03607 rad  (mjc 0.03s / mjx 7.17s)
[9/14] friction_scale=0.5 ...
    base_pos=0.00069 m  base_rot=0.00196 rad  joint_rmse=0.00113 rad  (mjc 0.03s / mjx 7.13s)
[10/14] friction_scale=2.0 ...
    base_pos=0.00016 m  base_rot=0.00035 rad  joint_rmse=0.00005 rad  (mjc 0.02s / mjx 7.19s)
[11/14] solref_scale=0.5 ...
    base_pos=0.00055 m  base_rot=0.00099 rad  joint_rmse=0.00097 rad  (mjc 0.04s / mjx 7.37s)
[12/14] solref_scale=2.0 ...
    base_pos=0.00789 m  base_rot=0.00463 rad  joint_rmse=0.00517 rad  (mjc 0.03s / mjx 7.19s)
[13/14] armature_scale=0.5 ...
    base_pos=0.00050 m  base_rot=0.00454 rad  joint_rmse=0.00230 rad  (mjc 0.03s / mjx 7.33s)
[14/14] armature_scale=2.0 ...
    base_pos=0.00050 m  base_rot=0.00000 rad  joint_rmse=0.00060 rad  (mjc 0.03s / mjx 7.39s)
[saved] /home/keyu/Downloads/Biped-Locomotion-via-RL/results/divergence_G1JoystickFlatTerrain.json
