Warp CUDA error 100: no CUDA-capable device is detected (in function init_cuda_driver, /builds/omniverse/warp/warp/native/cuda_util.cpp:319)
[load] G1JoystickFlatTerrain
Warp 1.15.0 initialized:
   CUDA Toolkit 12.9, CUDA driver not available (NVRTC compilation available)
   Devices:
     "cpu"      : "x86_64"
   Kernel cache:
     /home/keyu/.cache/warp/1.15.0
[model] nq=36 nv=35 nu=29 dt=0.002 solver=2 iters=3 cone=0
[plan] duration=1.0s -> 500 baseline steps
[1/14] baseline ...
    base_pos=3.270e-03+-2.2e-03  base_rot=6.073e-03+-3.7e-03  (n=10)
[2/14] iterations=10 ...
    base_pos=3.664e-03+-3.2e-03  base_rot=6.401e-03+-5.5e-03  (n=10)
[3/14] iterations=50 ...
    base_pos=3.664e-03+-3.2e-03  base_rot=6.401e-03+-5.5e-03  (n=10)
[4/14] iterations=100 ...
    base_pos=3.664e-03+-3.2e-03  base_rot=6.401e-03+-5.5e-03  (n=10)
[5/14] ls_iterations=20 ...
    base_pos=3.343e-03+-2.3e-03  base_rot=7.027e-03+-3.2e-03  (n=10)
[6/14] cone=1 ...
    base_pos=3.130e-03+-2.8e-03  base_rot=5.027e-03+-4.8e-03  (n=10)
[7/14] timestep=0.001 ...
    base_pos=3.209e-03+-2.5e-03  base_rot=5.448e-03+-4.4e-03  (n=10)
[8/14] timestep=0.004 ...
    base_pos=5.023e-03+-3.8e-03  base_rot=9.400e-03+-5.5e-03  (n=10)
[9/14] friction_scale=0.5 ...
    base_pos=5.745e-03+-4.7e-03  base_rot=1.337e-02+-1.0e-02  (n=10)
[10/14] friction_scale=2.0 ...
    base_pos=2.191e-03+-1.5e-03  base_rot=2.472e-03+-1.9e-03  (n=10)
[11/14] solref_scale=0.5 ...
    base_pos=4.396e-03+-2.8e-03  base_rot=9.872e-03+-4.1e-03  (n=10)
[12/14] solref_scale=2.0 ...
    base_pos=4.402e-02+-3.4e-02  base_rot=5.758e-02+-5.0e-02  (n=10)
[13/14] armature_scale=0.5 ...
    base_pos=3.838e-03+-3.9e-03  base_rot=8.690e-03+-6.0e-03  (n=10)
[14/14] armature_scale=2.0 ...
    base_pos=2.177e-03+-1.4e-03  base_rot=3.368e-03+-2.0e-03  (n=10)
[saved] /home/keyu/Downloads/Biped-Locomotion-via-RL/results/divergence_G1JoystickFlatTerrain.json
[saved] /home/keyu/Downloads/Biped-Locomotion-via-RL/results/traj_G1JoystickFlatTerrain.npz
