Warp CUDA error 100: no CUDA-capable device is detected (in function init_cuda_driver, /builds/omniverse/warp/warp/native/cuda_util.cpp:319)
[load] G1JoystickFlatTerrain
Warp 1.15.0 initialized:
   CUDA Toolkit 12.9, CUDA driver not available (NVRTC compilation available)
   Devices:
     "cpu"      : "x86_64"
   Kernel cache:
     /home/keyu/.cache/warp/1.15.0
[model] nq=36 nv=35 nu=29 dt=0.002 solver=2 iters=3 cone=0
[1/14] baseline ...
    base_pos=2.449e-03+-2.3e-03  base_rot=4.938e-03+-3.8e-03  (n=5)
[2/14] iterations=10 ...
    base_pos=2.587e-03+-2.8e-03  base_rot=4.223e-03+-4.8e-03  (n=5)
[3/14] iterations=50 ...
    base_pos=2.587e-03+-2.8e-03  base_rot=4.223e-03+-4.8e-03  (n=5)
[4/14] iterations=100 ...
    base_pos=2.587e-03+-2.8e-03  base_rot=4.223e-03+-4.8e-03  (n=5)
[5/14] ls_iterations=20 ...
    base_pos=2.357e-03+-2.4e-03  base_rot=6.146e-03+-3.3e-03  (n=5)
[6/14] cone=1 ...
    base_pos=2.769e-03+-2.8e-03  base_rot=4.502e-03+-4.8e-03  (n=5)
[7/14] timestep=0.001 ...
    base_pos=4.163e-04+-4.6e-04  base_rot=7.475e-04+-8.5e-04  (n=5)
[8/14] timestep=0.004 ...
    base_pos=1.756e-01+-7.2e-02  base_rot=1.753e-01+-3.1e-02  (n=5)
[9/14] friction_scale=0.5 ...
    base_pos=5.796e-03+-5.7e-03  base_rot=1.463e-02+-1.3e-02  (n=5)
[10/14] friction_scale=2.0 ...
    base_pos=1.641e-03+-1.8e-03  base_rot=1.849e-03+-1.9e-03  (n=5)
[11/14] solref_scale=0.5 ...
    base_pos=4.369e-03+-2.3e-03  base_rot=9.906e-03+-4.4e-03  (n=5)
[12/14] solref_scale=2.0 ...
    base_pos=2.511e-02+-1.8e-02  base_rot=3.420e-02+-3.1e-02  (n=5)
[13/14] armature_scale=0.5 ...
    base_pos=3.131e-03+-3.2e-03  base_rot=7.495e-03+-3.9e-03  (n=5)
[14/14] armature_scale=2.0 ...
    base_pos=1.282e-03+-1.2e-03  base_rot=2.303e-03+-1.6e-03  (n=5)
[saved] /home/keyu/Downloads/Biped-Locomotion-via-RL/results/divergence_G1JoystickFlatTerrain.json
[saved] /home/keyu/Downloads/Biped-Locomotion-via-RL/results/traj_G1JoystickFlatTerrain.npz
